Array
(
)
test
